python : .....F.............
.........................F..
.................
At line:1 char:1
+ python -m unittest 
test_deduplication 2>&1 > 
test_output.txt; Get-Con ...
+ ~~~~~~~~~~~~~~~~~~~~~~~~~~
~~~~~~~~~~~~~~~~~~~~~~~~~~~~
~~~~~~
    + CategoryInfo          
    : NotSpecified: (.....  
  F......................   
 .....:String) [], Remot    
eException
    + FullyQualifiedErrorId 
    : NativeCommandError
 
============================
============================
==============
FAIL: test_find_duplicates_i
n_list (test_deduplication.T
estBatchProcessing.test_find
_duplicates_in_list)
Test finding duplicate 
groups in a list.
----------------------------
----------------------------
--------------
Traceback (most recent call 
last):
  File "C:\Users\mario.herna
ndez\Documents\Document MAHR
\ChivoCasa\chivocasa\test_de
duplication.py", line 606, 
in 
test_find_duplicates_in_list
    self.assertGreater(len(g
roups), 0)
    ~~~~~~~~~~~~~~~~~~^^^^^^
^^^^^^^^^^
AssertionError: 0 not 
greater than 0

============================
============================
==============
FAIL: test_normalize_price_s
trings (test_deduplication.T
estPriceNormalization.test_n
ormalize_price_strings)
Test price normalization 
from strings.
----------------------------
----------------------------
--------------
Traceback (most recent call 
last):
  File "C:\Users\mario.herna
ndez\Documents\Document MAHR
\ChivoCasa\chivocasa\test_de
duplication.py", line 157, 
in 
test_normalize_price_strings
    self.assertEqual(normali
ze_price("$250,000"), 
250000.0)
    ~~~~~~~~~~~~~~~~^^^^^^^^
^^^^^^^^^^^^^^^^^^^^^^^^^^^^
^^^
AssertionError: 250.0 != 
250000.0

----------------------------
----------------------------
--------------
Ran 64 tests in 0.086s

FAILED (failures=2)
  Skip duplicate [3/4]: Duplicate external_id: 1 from Test
  Warning: Could not save checkpoint: 'charmap' codec can't encode character '\U0001f4be' in position 2: character maps to <undefined>
  Warning: Could not save checkpoint: 'charmap' codec can't encode character '\U0001f4be' in position 2: character maps to <undefined>
  Cache cleared
  Warning: Could not save checkpoint: 'charmap' codec can't encode character '\U0001f4be' in position 2: character maps to <undefined>
  Loaded 2 dedup keys from cache
  Loaded 2 URL keys from cache
  Loaded 2 external IDs from cache
  Loaded 2 records for similarity matching
